set extra_float_digits = -1;
ANALYZE;
explain (costs off) select
	s_name,
	count(*) as numwait
from
	supplier,
	lineitem l1,
	orders,
	nation
where
	s_suppkey = l1.l_suppkey
	and o_orderkey = l1.l_orderkey
	and o_orderstatus = 'F'
	and l1.l_receiptdate > l1.l_commitdate
	and exists (
		select
			*
		from
			lineitem l2
		where
			l2.l_orderkey = l1.l_orderkey
			and l2.l_suppkey <> l1.l_suppkey
	)
	and not exists (
		select
			*
		from
			lineitem l3
		where
			l3.l_orderkey = l1.l_orderkey
			and l3.l_suppkey <> l1.l_suppkey
			and l3.l_receiptdate > l3.l_commitdate
	)
	and s_nationkey = n_nationkey
	and n_name = 'SAUDI ARABIA'
group by
	s_name
order by
	numwait desc,
	s_name
LIMIT 100;
                                                                               QUERY PLAN                                                                                
-------------------------------------------------------------------------------------------------------------------------------------------------------------------------
 Limit
   ->  Gather Motion 3:1  (slice1; segments: 3)
         Merge Key: (count(*)), supplier.s_name
         ->  Limit
               ->  Sort
                     Sort Key: (count(*)) DESC, supplier.s_name
                     ->  GroupAggregate
                           Group Key: supplier.s_name
                           ->  Sort
                                 Sort Key: supplier.s_name
                                 ->  Redistribute Motion 3:3  (slice2; segments: 3)
                                       Hash Key: supplier.s_name
                                       ->  Hash Join
                                             Hash Cond: (orders.o_orderkey = l1.l_orderkey)
                                             ->  Seq Scan on orders
                                                   Filter: (o_orderstatus = 'F'::text)
                                             ->  Hash
                                                   ->  Redistribute Motion 3:3  (slice3; segments: 3)
                                                         Hash Key: l1.l_orderkey
                                                         ->  HashAggregate
                                                               Group Key: (RowIdExpr)
                                                               ->  Redistribute Motion 3:3  (slice4; segments: 3)
                                                                     Hash Key: (RowIdExpr)
                                                                     ->  Hash Join
                                                                           Hash Cond: (l2.l_orderkey = l1.l_orderkey)
                                                                           Join Filter: (l2.l_suppkey <> l1.l_suppkey)
                                                                           ->  Seq Scan on lineitem l2
                                                                           ->  Hash
                                                                                 ->  Hash Anti Join
                                                                                       Hash Cond: (l1.l_orderkey = l3.l_orderkey)
                                                                                       Join Filter: (l3.l_suppkey <> l1.l_suppkey)
                                                                                       ->  Hash Join
                                                                                             Hash Cond: (l1.l_suppkey = supplier.s_suppkey)
                                                                                             ->  Seq Scan on lineitem l1
                                                                                                   Filter: (l_receiptdate > l_commitdate)
                                                                                             ->  Hash
                                                                                                   ->  Broadcast Motion 3:3  (slice5; segments: 3)
                                                                                                         ->  Hash Join
                                                                                                               Hash Cond: (supplier.s_nationkey = nation.n_nationkey)
                                                                                                               ->  Seq Scan on supplier
                                                                                                               ->  Hash
                                                                                                                     ->  Broadcast Motion 3:3  (slice6; segments: 3)
                                                                                                                           ->  Seq Scan on nation
                                                                                                                                 Filter: (n_name = 'SAUDI ARABIA'::text)
                                                                                       ->  Hash
                                                                                             ->  Seq Scan on lineitem l3
                                                                                                   Filter: (l_receiptdate > l_commitdate)
 Optimizer: Postgres query optimizer
(48 rows)

select
	s_name,
	count(*) as numwait
from
	supplier,
	lineitem l1,
	orders,
	nation
where
	s_suppkey = l1.l_suppkey
	and o_orderkey = l1.l_orderkey
	and o_orderstatus = 'F'
	and l1.l_receiptdate > l1.l_commitdate
	and exists (
		select
			*
		from
			lineitem l2
		where
			l2.l_orderkey = l1.l_orderkey
			and l2.l_suppkey <> l1.l_suppkey
	)
	and not exists (
		select
			*
		from
			lineitem l3
		where
			l3.l_orderkey = l1.l_orderkey
			and l3.l_suppkey <> l1.l_suppkey
			and l3.l_receiptdate > l3.l_commitdate
	)
	and s_nationkey = n_nationkey
	and n_name = 'SAUDI ARABIA'
group by
	s_name
order by
	numwait desc,
	s_name
LIMIT 100;
       s_name       | numwait 
--------------------+---------
 Supplier#000000074 |       9
(1 row)

